Archive member included to satisfy reference by file (symbol)

C:/msys32/home/manue/esp/wifi_watchdog_board/build/cxx\libcxx.a(cxx_exception_stubs.o)
                              (__cxx_fatal_exception)
C:/msys32/home/manue/esp/wifi_watchdog_board/build/cxx\libcxx.a(cxx_guards.o)
                              (__cxa_guard_dummy)
C:/msys32/home/manue/esp/wifi_watchdog_board/build/esp32\libesp32.a(cpu_start.o)
                              (call_start_cpu0)
C:/msys32/home/manue/esp/wifi_watchdog_board/build/esp32\libesp32.a(dbg_stubs.o)
                              C:/msys32/home/manue/esp/wifi_watchdog_board/build/esp32\libesp32.a(cpu_start.o) (esp_dbg_stubs_init)
C:/msys32/home/manue/esp/wifi_watchdog_board/build/esp32\libesp32.a(panic.o)
                              C:/msys32/home/manue/esp/wifi_watchdog_board/build/cxx\libcxx.a(cxx_exception_stubs.o) (abort)
C:/msys32/home/manue/esp/wifi_watchdog_board/build/esp32\libesp32.a(dport_panic_highint_hdl.o)
                              (ld_include_panic_highint_hdl)
C:/msys32/home/manue/esp/wifi_watchdog_board/build/esp32\libesp32.a(int_wdt.o)
                              C:/msys32/home/manue/esp/wifi_watchdog_board/build/esp32\libesp32.a(dport_panic_highint_hdl.o) (int_wdt_app_cpu_ticked)
C:/msys32/home/manue/esp/wifi_watchdog_board/build/esp32\libesp32.a(brownout.o)
                              C:/msys32/home/manue/esp/wifi_watchdog_board/build/esp32\libesp32.a(cpu_start.o) (esp_brownout_init)
C:/msys32/home/manue/esp/wifi_watchdog_board/build/esp32\libesp32.a(system_api.o)
                              C:/msys32/home/manue/esp/wifi_watchdog_board/build/esp32\libesp32.a(panic.o) (esp_restart_noos)
C:/msys32/home/manue/esp/wifi_watchdog_board/build/esp32\libesp32.a(dport_access.o)
                              C:/msys32/home/manue/esp/wifi_watchdog_board/build/esp32\libesp32.a(dport_panic_highint_hdl.o) (dport_access_start)
C:/msys32/home/manue/esp/wifi_watchdog_board/build/esp32\libesp32.a(esp_timer.o)
                              C:/msys32/home/manue/esp/wifi_watchdog_board/build/esp32\libesp32.a(cpu_start.o) (esp_timer_init)
C:/msys32/home/manue/esp/wifi_watchdog_board/build/esp32\libesp32.a(esp_err_to_name.o)
                              C:/msys32/home/manue/esp/wifi_watchdog_board/build/esp32\libesp32.a(panic.o) (esp_err_to_name)
C:/msys32/home/manue/esp/wifi_watchdog_board/build/esp32\libesp32.a(ipc.o)
                              C:/msys32/home/manue/esp/wifi_watchdog_board/build/esp32\libesp32.a(cpu_start.o) (esp_ipc_init)
C:/msys32/home/manue/esp/wifi_watchdog_board/build/esp32\libesp32.a(cache_err_int.o)
                              C:/msys32/home/manue/esp/wifi_watchdog_board/build/esp32\libesp32.a(cpu_start.o) (esp_cache_err_int_init)
C:/msys32/home/manue/esp/wifi_watchdog_board/build/esp32\libesp32.a(freertos_hooks.o)
                              C:/msys32/home/manue/esp/wifi_watchdog_board/build/esp32\libesp32.a(int_wdt.o) (esp_register_freertos_tick_hook_for_cpu)
C:/msys32/home/manue/esp/wifi_watchdog_board/build/esp32\libesp32.a(clk.o)
                              C:/msys32/home/manue/esp/wifi_watchdog_board/build/esp32\libesp32.a(cpu_start.o) (esp_clk_init)
C:/msys32/home/manue/esp/wifi_watchdog_board/build/esp32\libesp32.a(esp_timer_esp32.o)
                              C:/msys32/home/manue/esp/wifi_watchdog_board/build/esp32\libesp32.a(esp_timer.o) (esp_timer_impl_get_time)
C:/msys32/home/manue/esp/wifi_watchdog_board/build/esp32\libesp32.a(crosscore_int.o)
                              C:/msys32/home/manue/esp/wifi_watchdog_board/build/esp32\libesp32.a(cpu_start.o) (esp_crosscore_int_init)
C:/msys32/home/manue/esp/wifi_watchdog_board/build/esp32\libesp32.a(intr_alloc.o)
                              C:/msys32/home/manue/esp/wifi_watchdog_board/build/esp32\libesp32.a(esp_timer_esp32.o) (esp_intr_enable)
C:/msys32/home/manue/esp/esp-idf/components/esp32/libhal.a(int_asm--set_intclear.o)
                              C:/msys32/home/manue/esp/wifi_watchdog_board/build/esp32\libesp32.a(intr_alloc.o) (xthal_set_intclear)
C:/msys32/home/manue/esp/wifi_watchdog_board/build/freertos\libfreertos.a(FreeRTOS-openocd.o)
                              (uxTopUsedPriority)
C:/msys32/home/manue/esp/wifi_watchdog_board/build/freertos\libfreertos.a(tasks.o)
                              C:/msys32/home/manue/esp/wifi_watchdog_board/build/esp32\libesp32.a(system_api.o) (vTaskSuspendAll)
C:/msys32/home/manue/esp/wifi_watchdog_board/build/freertos\libfreertos.a(port.o)
                              C:/msys32/home/manue/esp/wifi_watchdog_board/build/freertos\libfreertos.a(tasks.o) (pxPortInitialiseStack)
C:/msys32/home/manue/esp/wifi_watchdog_board/build/freertos\libfreertos.a(xtensa_init.o)
                              C:/msys32/home/manue/esp/wifi_watchdog_board/build/freertos\libfreertos.a(port.o) (_xt_tick_divisor_init)
C:/msys32/home/manue/esp/wifi_watchdog_board/build/freertos\libfreertos.a(list.o)
                              C:/msys32/home/manue/esp/wifi_watchdog_board/build/freertos\libfreertos.a(tasks.o) (vListInitialise)
C:/msys32/home/manue/esp/wifi_watchdog_board/build/freertos\libfreertos.a(queue.o)
                              C:/msys32/home/manue/esp/wifi_watchdog_board/build/esp32\libesp32.a(ipc.o) (xQueueGenericCreate)
C:/msys32/home/manue/esp/wifi_watchdog_board/build/freertos\libfreertos.a(xtensa_intr.o)
                              C:/msys32/home/manue/esp/wifi_watchdog_board/build/esp32\libesp32.a(intr_alloc.o) (xt_unhandled_interrupt)
C:/msys32/home/manue/esp/wifi_watchdog_board/build/freertos\libfreertos.a(portasm.o)
                              C:/msys32/home/manue/esp/wifi_watchdog_board/build/esp32\libesp32.a(esp_timer.o) (_frxt_setup_switch)
C:/msys32/home/manue/esp/wifi_watchdog_board/build/freertos\libfreertos.a(xtensa_vectors.o)
                              C:/msys32/home/manue/esp/wifi_watchdog_board/build/freertos\libfreertos.a(port.o) (_xt_user_exit)
C:/msys32/home/manue/esp/wifi_watchdog_board/build/freertos\libfreertos.a(xtensa_context.o)
                              C:/msys32/home/manue/esp/wifi_watchdog_board/build/esp32\libesp32.a(dport_panic_highint_hdl.o) (_xt_context_save)
C:/msys32/home/manue/esp/wifi_watchdog_board/build/freertos\libfreertos.a(xtensa_intr_asm.o)
                              C:/msys32/home/manue/esp/wifi_watchdog_board/build/esp32\libesp32.a(intr_alloc.o) (_xt_interrupt_table)
C:/msys32/home/manue/esp/wifi_watchdog_board/build/freertos\libfreertos.a(timers.o)
                              C:/msys32/home/manue/esp/wifi_watchdog_board/build/freertos\libfreertos.a(tasks.o) (xTimerCreateTimerTask)
C:/msys32/home/manue/esp/wifi_watchdog_board/build/freertos\libfreertos.a(xtensa_vector_defaults.o)
                              C:/msys32/home/manue/esp/wifi_watchdog_board/build/freertos\libfreertos.a(xtensa_vectors.o) (xt_debugexception)
C:/msys32/home/manue/esp/wifi_watchdog_board/build/heap\libheap.a(heap_caps_init.o)
                              C:/msys32/home/manue/esp/wifi_watchdog_board/build/esp32\libesp32.a(cpu_start.o) (heap_caps_enable_nonos_stack_heaps)
C:/msys32/home/manue/esp/wifi_watchdog_board/build/heap\libheap.a(heap_caps.o)
                              C:/msys32/home/manue/esp/wifi_watchdog_board/build/heap\libheap.a(heap_caps_init.o) (heap_caps_match)
C:/msys32/home/manue/esp/wifi_watchdog_board/build/heap\libheap.a(multi_heap.o)
                              C:/msys32/home/manue/esp/wifi_watchdog_board/build/heap\libheap.a(heap_caps.o) (multi_heap_get_allocated_size)
